// Jest Snapshot v1, https://goo.gl/fbAQLP

exports[`Open main page 1`] = `ShallowWrapper {}`;
